2026/06/14 09:14:02 [desktop-go] 桌面同步客户端启动，服务端: http://127.0.0.1:9501 房间: default 设备: WingLin
2026/06/14 09:14:02 [desktop-go] 本地控制面板已启动: http://127.0.0.1:9530/
2026/06/14 09:14:02 [desktop-go] 设备已连接，等待网页端批准
2026/06/14 09:14:57 [desktop-go] 同步连接断开: read tcp 127.0.0.1:65374->127.0.0.1:9501: wsarecv: An existing connection was forcibly closed by the remote host.
2026/06/14 09:14:57 [desktop-go] 同步失败，1/3 次后将在 2s 后重试
2026/06/14 09:14:59 [desktop-go] 同步连接断开: Get "http://127.0.0.1:9501/sync/server?room=default": dial tcp 127.0.0.1:9501: connectex: No connection could be made because the target machine actively refused it.
2026/06/14 09:14:59 [desktop-go] 同步失败，2/3 次后将在 2s 后重试
2026/06/14 09:15:01 [desktop-go] 设备已连接并获批
2026/06/14 09:18:23 [desktop-go] 文本已提交到同步服务
2026/06/14 09:21:04 [desktop-go] 文本已提交到同步服务
2026/06/14 09:21:46 [desktop-go] 文本已提交到同步服务
2026/06/14 09:22:49 [desktop-go] 文本已提交到同步服务
2026/06/14 09:24:19 [desktop-go] 文本已提交到同步服务
2026/06/14 09:29:08 [desktop-go] 文本已提交到同步服务
2026/06/14 09:31:48 [desktop-go] 文本已提交到同步服务
2026/06/14 09:37:16 [desktop-go] 文本已提交到同步服务
2026/06/14 09:39:31 [desktop-go] 文本已提交到同步服务
2026/06/14 09:43:21 [desktop-go] 文本已提交到同步服务
2026/06/14 09:52:23 [desktop-go] 文本已提交到同步服务
2026/06/14 09:56:11 [desktop-go] 文本已提交到同步服务
2026/06/14 10:08:26 [desktop-go] 文本已提交到同步服务
2026/06/14 10:23:50 [desktop-go] 已接收远端文本
2026/06/14 10:25:20 [desktop-go] 文本已提交到同步服务
2026/06/14 10:27:28 [desktop-go] 文本已提交到同步服务
2026/06/14 10:29:14 [desktop-go] 文本已提交到同步服务
2026/06/14 10:30:32 [desktop-go] 文本已提交到同步服务
2026/06/14 10:31:38 [desktop-go] 文本已提交到同步服务
2026/06/14 10:35:48 [desktop-go] 文本已提交到同步服务
2026/06/14 10:44:43 [desktop-go] 文本已提交到同步服务
2026/06/14 10:52:03 [desktop-go] 已接收远端文本
2026/06/14 11:01:08 [desktop-go] 已接收远端文本
2026/06/14 11:07:44 [desktop-go] 文本已提交到同步服务
2026/06/14 11:08:52 [desktop-go] 文本已提交到同步服务
2026/06/14 11:12:32 [desktop-go] 文本已提交到同步服务
